// Jest Snapshot v1, https://goo.gl/fbAQLP

exports[`renders the RelatedRecords 1`] = `
<div
  className="ant-spin-nested-loading"
>
  <div
    className="ant-spin-container"
  >
    <div
      className="mcs_emptyRelatedRecords mcs-customClass"
    >
      <span
        className="mcs-icon "
      >
        <i
          className="mcs-question"
          style={Object {}}
        />
      </span>
      Hello world!
    </div>
  </div>
</div>
`;
