// Jest Snapshot v1, https://goo.gl/fbAQLP

exports[`render the AppsMenu 1`] = `
<ul
  className="ant-menu ant-menu-light mcs_appMenu  ant-menu-root ant-menu-inline"
  onMouseEnter={[Function]}
  onTransitionEnd={[Function]}
  role="menu"
  style={Object {}}
>
  <span />
  <li
    className="ant-menu-item ant-menu-item-only-child mcs_appMenu_item--withDivider"
    onClick={[Function]}
    onMouseEnter={[Function]}
    onMouseLeave={[Function]}
    role="menuitem"
    style={
      Object {
        "paddingLeft": 24,
      }
    }
  >
    <a
      href="url1"
    >
      <span>
        Platform Admin
      </span>
    </a>
  </li>
  <li
    className="ant-menu-item ant-menu-item-only-child mcs_appMenu_item--withDivider"
    onClick={[Function]}
    onMouseEnter={[Function]}
    onMouseLeave={[Function]}
    role="menuitem"
    style={
      Object {
        "paddingLeft": 24,
      }
    }
  >
    <a
      href="url2"
    >
      <span>
        Navigator
      </span>
    </a>
  </li>
</ul>
`;
