// Jest Snapshot v1, https://goo.gl/fbAQLP

exports[`renders the metrics highlight 1`] = `
LoadedCheerio {
  "0": <div
    class="mcs-metrics-column "
  >
    <div
      class="ant-row"
    >
      <div
        class="ant-col ant-col-8"
      >
        <div
          class="mcs-metrics-column_title"
        >
          TestMetric1
        </div>
        <div
          class="mcs-metrics-column_metric"
        >
          1
        </div>
      </div>
      <div
        class="ant-col ant-col-8"
      >
        <div
          class="mcs-metrics-column_title"
        >
          TestMetric2
        </div>
        <div
          class="mcs-metrics-column_metric"
        >
          2
        </div>
      </div>
      <div
        class="ant-col ant-col-8"
      >
        <div
          class="mcs-metrics-column_title"
        >
          TestMetric3
        </div>
        <div
          class="mcs-metrics-column_metric"
        >
          3
        </div>
      </div>
    </div>
  </div>,
  "_root": LoadedCheerio {
    "0": Document {
      "children": Array [
        <html>
          <head />
          <body />
        </html>,
      ],
      "endIndex": null,
      "next": null,
      "parent": null,
      "prev": null,
      "startIndex": null,
      "type": "root",
      "x-mode": "quirks",
    },
    "_root": [Circular],
    "length": 1,
    "options": Object {
      "decodeEntities": true,
      "xml": false,
    },
  },
  "length": 1,
  "options": Object {
    "decodeEntities": true,
    "xml": false,
  },
}
`;
