// Jest Snapshot v1, https://goo.gl/fbAQLP

exports[`renders the item list 1`] = `
<div
  className="mcs-empty-table-view"
>
  <div
    className="ant-col ant-col-24 mcs-empty-table-view-content mcs-table-view-empty"
    style={Object {}}
  >
    <div
      className="mcs-empty-table-view-logo"
    >
      <span
        className="mcs-icon "
      >
        <i
          className="mcs-email"
          style={Object {}}
        />
      </span>
    </div>
    Empty Table
  </div>
</div>
`;
