// Jest Snapshot v1, https://goo.gl/fbAQLP

exports[`renders the DeviceCard 1`] = `
<div
  className="ant-row mcs-card-container mcs-deviceCard"
  style={Object {}}
>
  <div
    className="ant-row mcs-card-header"
  >
    <div
      className="ant-col-24"
    >
      <span
        className="mcs-card-title"
      >
        User Device
      </span>
    </div>
  </div>
  <div
    className="ant-row"
    style={Object {}}
  >
    <div
      className="ant-row table-line border-top"
      style={
        Object {
          "marginLeft": -5,
          "marginRight": -5,
        }
      }
    >
      <div
        className="ant-col-12 table-left"
        style={
          Object {
            "paddingLeft": 5,
            "paddingRight": 5,
          }
        }
      >
        <span
          style={
            Object {
              "float": "left",
            }
          }
        >
          <span
            className="icon "
          >
            <i
              className="mcs-laptop"
            />
          </span>
        </span>
        <span
          style={
            Object {
              "float": "left",
            }
          }
        >
          <span
            className="title"
          >
            CHROME
          </span>
          <br />
          <span
            className="subtitle"
          >
            LINUX
          </span>
        </span>
      </div>
      <div
        className="ant-col-12 table-right"
        style={
          Object {
            "paddingLeft": 5,
            "paddingRight": 5,
          }
        }
      >
        <span
          className="subtitle"
          style={
            Object {
              "float": "right",
            }
          }
        >
          vec:123456789
        </span>
      </div>
    </div>
  </div>
</div>
`;
