// Jest Snapshot v1, https://goo.gl/fbAQLP

exports[`Should render the LoadingChart 1`] = `
<div
  className="ant-row mcs-loading-chart-no-data test"
>
  <div
    className="ant-col-24"
  >
    <div
      className="ant-spin ant-spin-lg ant-spin-spinning"
    >
      <span
        className="ant-spin-dot ant-spin-dot-spin"
      >
        <i />
        <i />
        <i />
        <i />
      </span>
    </div>
  </div>
</div>
`;
