// Jest Snapshot v1, https://goo.gl/fbAQLP

exports[`Should render the EmptyChart 1`] = `
<div
  className="ant-row mcs-empty-chart-no-data"
>
  <div
    className="ant-col-24"
  >
    <span
      className="mcs-icon "
    >
      <i
        className="mcs-automation"
      />
    </span>
  </div>
  <div
    className="ant-col-24"
  >
    There is no automation to display.
  </div>
</div>
`;
