// Jest Snapshot v1, https://goo.gl/fbAQLP

exports[`renders the MenuList 1`] = `
<div
  className="mcs-menu-list"
>
  <button
    className="menu-item"
    onClick={[Function]}
  >
    <div
      className="content"
    >
      <div>
        <div
          className="title"
        >
          Title
        </div>
        <div
          className="subtitles"
        >
          subtitle_1, 
          subtitle_2
        </div>
      </div>
    </div>
    <div
      className="selector"
    >
      <span
        className="icon "
      >
        <i
          className="mcs-chevron-right"
        />
      </span>
    </div>
  </button>
</div>
`;
