// Jest Snapshot v1, https://goo.gl/fbAQLP

exports[`Should render the LoadingChart 1`] = `
<div
  className="ant-row mcs-loading-chart-no-data test"
  style={Object {}}
>
  <div
    className="ant-col ant-col-24"
    style={Object {}}
  >
    <div
      className="ant-spin ant-spin-lg ant-spin-spinning"
    >
      <span
        className="ant-spin-dot ant-spin-dot-spin"
      >
        <i
          className="ant-spin-dot-item"
        />
        <i
          className="ant-spin-dot-item"
        />
        <i
          className="ant-spin-dot-item"
        />
        <i
          className="ant-spin-dot-item"
        />
      </span>
    </div>
  </div>
</div>
`;
