// Jest Snapshot v1, https://goo.gl/fbAQLP

exports[`renders the ProfileInfo 1`] = `
<div
  className="mcs-profile-info"
>
  <div
    className="ant-row table-line"
    style={
      Object {
        "marginLeft": -5,
        "marginRight": -5,
      }
    }
  >
    <div
      className="ant-col-12 table-left"
      style={
        Object {
          "paddingLeft": 5,
          "paddingRight": 5,
        }
      }
    >
      <span
        onMouseEnter={[Function]}
        onMouseLeave={[Function]}
      >
        $compartment_id
      </span>
    </div>
    <div
      className="ant-col-12 table-right"
      style={
        Object {
          "paddingLeft": 5,
          "paddingRight": 5,
        }
      }
    >
      <span
        onMouseEnter={[Function]}
        onMouseLeave={[Function]}
      >
        1196
      </span>
    </div>
  </div>
  <div
    className="ant-row table-line"
    style={
      Object {
        "marginLeft": -5,
        "marginRight": -5,
      }
    }
  >
    <div
      className="ant-col-12 table-left"
      style={
        Object {
          "paddingLeft": 5,
          "paddingRight": 5,
        }
      }
    >
      <span
        onMouseEnter={[Function]}
        onMouseLeave={[Function]}
      >
        $creation_ts
      </span>
    </div>
    <div
      className="ant-col-12 table-right"
      style={
        Object {
          "paddingLeft": 5,
          "paddingRight": 5,
        }
      }
    >
      <span
        onMouseEnter={[Function]}
        onMouseLeave={[Function]}
      >
        1533207442669
      </span>
    </div>
  </div>
  <div
    className="ant-row table-line"
    style={
      Object {
        "marginLeft": -5,
        "marginRight": -5,
      }
    }
  >
    <div
      className="ant-col-12 table-left"
      style={
        Object {
          "paddingLeft": 5,
          "paddingRight": 5,
        }
      }
    >
      <span
        onMouseEnter={[Function]}
        onMouseLeave={[Function]}
      >
        $items
      </span>
    </div>
    <div
      className="ant-col-12 table-right"
      style={
        Object {
          "paddingLeft": 5,
          "paddingRight": 5,
        }
      }
    >
      <span
        onMouseEnter={[Function]}
        onMouseLeave={[Function]}
      >
        []
      </span>
    </div>
  </div>
  <div
    className="ant-row table-line"
    style={
      Object {
        "marginLeft": -5,
        "marginRight": -5,
      }
    }
  >
    <div
      className="ant-col-12 table-left"
      style={
        Object {
          "paddingLeft": 5,
          "paddingRight": 5,
        }
      }
    >
      <span
        onMouseEnter={[Function]}
        onMouseLeave={[Function]}
      >
        $last_modified_ts
      </span>
    </div>
    <div
      className="ant-col-12 table-right"
      style={
        Object {
          "paddingLeft": 5,
          "paddingRight": 5,
        }
      }
    >
      <span
        onMouseEnter={[Function]}
        onMouseLeave={[Function]}
      >
        1555517236970
      </span>
    </div>
  </div>
  <div
    className="ant-row table-line"
    style={
      Object {
        "marginLeft": -5,
        "marginRight": -5,
      }
    }
  >
    <div
      className="ant-col-12 table-left"
      style={
        Object {
          "paddingLeft": 5,
          "paddingRight": 5,
        }
      }
    >
      <span
        onMouseEnter={[Function]}
        onMouseLeave={[Function]}
      >
        $user_account_id
        :
      </span>
    </div>
    <div
      className="ant-col-12 p-l-10"
      style={
        Object {
          "paddingLeft": 5,
          "paddingRight": 5,
        }
      }
    >
      <i>
        null
      </i>
    </div>
  </div>
  <div
    className="mcs-card-footer"
  >
    <button
      className="mcs-card-footer-link"
      onClick={[Function]}
    >
      <span>
        View More
      </span>
    </button>
  </div>
</div>
`;
