// Jest Snapshot v1, https://goo.gl/fbAQLP

exports[`renders the EventActivity 1`] = `
<div
  className="ant-row mcs-event-activity"
  style={Object {}}
>
  <div
    className="ant-col ant-col-5 section-ts"
    style={Object {}}
  >
    2019–11–13T12:34:56+00:00
  </div>
  <div
    className="ant-col ant-col-19"
    style={Object {}}
  >
    <div
      className="section-title"
    >
      Recherche:Category
    </div>
    <div
      className="section-cta"
    >
      <div>
        <button
          className="mcs-card-inner-action"
          onClick={[Function]}
        >
          <span
            className="mcs-icon "
          >
            <i
              className="mcs-chevron"
              style={Object {}}
            />
          </span>
           
          <span>
            Details
          </span>
        </button>
      </div>
    </div>
  </div>
</div>
`;
