// Jest Snapshot v1, https://goo.gl/fbAQLP

exports[`Should render the FormFieldWrapper 1`] = `
<div
  className="form-field-wrapper"
>
  <div
    className="ant-row ant-form-item"
  >
    <div
      className="ant-col-15 ant-col-offset-1 ant-form-item-control-wrapper"
    >
      <div
        className="ant-form-item-control"
      >
        <span
          className="ant-form-item-children"
        >
          <div
            className="ant-row-flex ant-row-flex-middle"
          >
            <div
              className="ant-col-20"
            >
              <div>
                Content
              </div>
            </div>
            <div
              className="ant-col-2 field-tooltip"
            >
              <span
                className="mcs-icon "
                onMouseEnter={[Function]}
                onMouseLeave={[Function]}
              >
                <i
                  className="mcs-info"
                  style={Object {}}
                />
              </span>
            </div>
            <div
              className="ant-col-2 renderFieldAction"
            >
              <span
                className="mcs-icon "
              >
                <i
                  className="mcs-close"
                  style={Object {}}
                />
              </span>
            </div>
          </div>
        </span>
      </div>
    </div>
  </div>
</div>
`;
