// Jest Snapshot v1, https://goo.gl/fbAQLP

exports[`render the AppsMenu 1`] = `
Array [
  <ul
    className="ant-menu ant-menu-root ant-menu-inline ant-menu-light mcs_appMenu fake-class-name"
    data-menu-list={true}
    onKeyDown={[Function]}
    role="menu"
    tabIndex={0}
  >
    <div
      eventKey="tmp_key-0"
      warnKey={true}
    >
      toto
    </div>
    <li
      className="ant-menu-item ant-menu-item-only-child mcs_appMenu_item"
      data-menu-id={null}
      onClick={[Function]}
      onFocus={[Function]}
      onKeyDown={[Function]}
      onMouseEnter={[Function]}
      onMouseLeave={[Function]}
      role="menuitem"
      style={
        Object {
          "paddingLeft": 24,
        }
      }
      tabIndex={-1}
    >
      <span
        className="ant-menu-title-content"
      >
        <a
          href="url1"
        >
          <span>
            Platform Admin
          </span>
        </a>
      </span>
    </li>
    <li
      className="ant-menu-item ant-menu-item-only-child mcs_appMenu_item mcs_appMenu_item--withDivider"
      data-menu-id={null}
      onClick={[Function]}
      onFocus={[Function]}
      onKeyDown={[Function]}
      onMouseEnter={[Function]}
      onMouseLeave={[Function]}
      role="menuitem"
      style={
        Object {
          "paddingLeft": 24,
        }
      }
      tabIndex={-1}
    >
      <span
        className="ant-menu-title-content"
      >
        <a
          href="url2"
        >
          <span>
            computing console
          </span>
        </a>
      </span>
    </li>
    <li
      className="ant-menu-item ant-menu-item-only-child mcs_appMenu_item"
      data-menu-id={null}
      onClick={[Function]}
      onFocus={[Function]}
      onKeyDown={[Function]}
      onMouseEnter={[Function]}
      onMouseLeave={[Function]}
      role="menuitem"
      style={
        Object {
          "paddingLeft": 24,
        }
      }
      tabIndex={-1}
    >
      <span
        className="ant-menu-title-content"
      >
        <a
          href="url2"
        >
          <span>
            Navigator2
          </span>
        </a>
      </span>
    </li>
    <li
      className="ant-menu-item ant-menu-item-only-child mcs_appMenu_item mcs_appMenu_item--withDivider"
      data-menu-id={null}
      onClick={[Function]}
      onFocus={[Function]}
      onKeyDown={[Function]}
      onMouseEnter={[Function]}
      onMouseLeave={[Function]}
      role="menuitem"
      style={
        Object {
          "paddingLeft": 24,
        }
      }
      tabIndex={-1}
    >
      <span
        className="ant-menu-title-content"
      >
        <a
          href="url2"
        >
          <span>
            Navigator3
          </span>
        </a>
      </span>
    </li>
    <li
      className="ant-menu-item ant-menu-item-only-child mcs_appMenu_item"
      data-menu-id={null}
      onClick={[Function]}
      onFocus={[Function]}
      onKeyDown={[Function]}
      onMouseEnter={[Function]}
      onMouseLeave={[Function]}
      role="menuitem"
      style={
        Object {
          "paddingLeft": 24,
        }
      }
      tabIndex={-1}
    >
      <span
        className="ant-menu-title-content"
      >
        <a
          href="url2"
        >
          <span>
            Doc 1
          </span>
        </a>
      </span>
    </li>
    <li
      className="ant-menu-item ant-menu-item-only-child mcs_appMenu_item"
      data-menu-id={null}
      onClick={[Function]}
      onFocus={[Function]}
      onKeyDown={[Function]}
      onMouseEnter={[Function]}
      onMouseLeave={[Function]}
      role="menuitem"
      style={
        Object {
          "paddingLeft": 24,
        }
      }
      tabIndex={-1}
    >
      <span
        className="ant-menu-title-content"
      >
        <a
          href="url2"
        >
          <span>
            Doc 2
          </span>
        </a>
      </span>
    </li>
  </ul>,
  <div
    aria-hidden={true}
    style={
      Object {
        "display": "none",
      }
    }
  >
    <div
      eventKey="tmp_key-0"
      warnKey={true}
    >
      toto
    </div>
  </div>,
]
`;
