// Jest Snapshot v1, https://goo.gl/fbAQLP

exports[`renders the UserScenarioActivityCard 1`] = `
<div
  className="ant-row mcs-card mcs-user-scenario-activity-card"
  style={
    Object {
      "display": "block",
    }
  }
>
  <div
    className="ant-row mcs-card-header"
    style={Object {}}
  >
    <div
      className="ant-col ant-col-24"
      style={Object {}}
    >
      <span
        className="mcs-card-title"
      >
        Scenario item not found
      </span>
    </div>
  </div>
  <div
    className="ant-row"
    style={
      Object {
        "display": "block",
      }
    }
  >
    <div
      className="ant-row"
      style={Object {}}
    >
      <div
        className="mcs-card-content-text"
      >
        
      </div>
    </div>
    <div
      className="ant-row border-top sm-footer timed-footer text-right"
      style={Object {}}
    >
      2019–11–13T12:34:56+00:00
    </div>
  </div>
</div>
`;
